// Jest Snapshot v1, https://goo.gl/fbAQLP

exports[`Ürünler Listesi Liste Kontrolü Snapshot Testi 1`] = `
"<div>
  <div class=\\"container\\">
    <router-link-stub to=\\"[object Object]\\">
      <div class=\\"box\\">
        <div class=\\"imgDiv\\"><img src=\\"https://cdn.lensmarket.com/ext/urun/oasys-1-l.jpg\\" alt=\\"\\"></div>
        <h3 class=\\"urunHeader\\">ali</h3>
        <p>
          Saydam Kontakt Lens Bilgisayar karşısında ve klimalı ortamlarda benzersiz üstün konfor...
        </p>
        <div class=\\"urunFiyatDiv\\"><span><b>119.90 TL</b></span></div>
        <div class=\\"sepeteGitIcon\\"><span><svg aria-hidden=\\"true\\" focusable=\\"false\\" data-prefix=\\"fas\\" data-icon=\\"shopping-cart\\" role=\\"img\\" xmlns=\\"http://www.w3.org/2000/svg\\" viewBox=\\"0 0 576 512\\" class=\\"svg-inline--fa fa-shopping-cart fa-w-18\\"><path fill=\\"currentColor\\" d=\\"M528.12 301.319l47.273-208C578.806 78.301 567.391 64 551.99 64H159.208l-9.166-44.81C147.758 8.021 137.93 0 126.529 0H24C10.745 0 0 10.745 0 24v16c0 13.255 10.745 24 24 24h69.883l70.248 343.435C147.325 417.1 136 435.222 136 456c0 30.928 25.072 56 56 56s56-25.072 56-56c0-15.674-6.447-29.835-16.824-40h209.647C430.447 426.165 424 440.326 424 456c0 30.928 25.072 56 56 56s56-25.072 56-56c0-22.172-12.888-41.332-31.579-50.405l5.517-24.276c3.413-15.018-8.002-29.319-23.403-29.319H218.117l-6.545-32h293.145c11.206 0 20.92-7.754 23.403-18.681z\\" class=\\"\\"></path></svg></span></div>
        <div class=\\"ucretsizKargo\\"><span><b>ÜCRETSİZ KARGO</b></span></div>
      </div>
    </router-link-stub>
    <router-link-stub to=\\"[object Object]\\">
      <div class=\\"box\\">
        <div class=\\"imgDiv\\"><img src=\\"https://cdn.lensmarket.com/ext/urun/oasys-1day-1-l.jpg\\" alt=\\"\\"></div>
        <h3 class=\\"urunHeader\\">Acuvue OASYS ® 1-Day 30 lu Kutu</h3>
        <p>
          Günlük Kontakt Lens ACUVUE OASYS 1-Day silikon hidrojel günlük kontakt lensler en yüksek...
        </p>
        <div class=\\"urunFiyatDiv\\"><span><b>149.90 TL</b></span></div>
        <div class=\\"sepeteGitIcon\\"><span><svg aria-hidden=\\"true\\" focusable=\\"false\\" data-prefix=\\"fas\\" data-icon=\\"shopping-cart\\" role=\\"img\\" xmlns=\\"http://www.w3.org/2000/svg\\" viewBox=\\"0 0 576 512\\" class=\\"svg-inline--fa fa-shopping-cart fa-w-18\\"><path fill=\\"currentColor\\" d=\\"M528.12 301.319l47.273-208C578.806 78.301 567.391 64 551.99 64H159.208l-9.166-44.81C147.758 8.021 137.93 0 126.529 0H24C10.745 0 0 10.745 0 24v16c0 13.255 10.745 24 24 24h69.883l70.248 343.435C147.325 417.1 136 435.222 136 456c0 30.928 25.072 56 56 56s56-25.072 56-56c0-15.674-6.447-29.835-16.824-40h209.647C430.447 426.165 424 440.326 424 456c0 30.928 25.072 56 56 56s56-25.072 56-56c0-22.172-12.888-41.332-31.579-50.405l5.517-24.276c3.413-15.018-8.002-29.319-23.403-29.319H218.117l-6.545-32h293.145c11.206 0 20.92-7.754 23.403-18.681z\\" class=\\"\\"></path></svg></span></div>
        <div class=\\"ucretsizKargo\\"><span><b>ÜCRETSİZ KARGO</b></span></div>
      </div>
    </router-link-stub>
    <router-link-stub to=\\"[object Object]\\">
      <div class=\\"box\\">
        <div class=\\"imgDiv\\"><img src=\\"https://cdn.lensmarket.com/ext/urun/oasys-transitions-1-l.jpg\\" alt=\\"\\"></div>
        <h3 class=\\"urunHeader\\">Acuvue OASYS ® with Transitions™</h3>
        <p>
          Türünün ilk örneği, ışığa duyarlı lens. Time'a Göre 2018'in en iyi buluşlarından biri!
        </p>
        <div class=\\"urunFiyatDiv\\"><span><b>41.90 TL</b></span></div>
        <div class=\\"sepeteGitIcon\\"><span><svg aria-hidden=\\"true\\" focusable=\\"false\\" data-prefix=\\"fas\\" data-icon=\\"shopping-cart\\" role=\\"img\\" xmlns=\\"http://www.w3.org/2000/svg\\" viewBox=\\"0 0 576 512\\" class=\\"svg-inline--fa fa-shopping-cart fa-w-18\\"><path fill=\\"currentColor\\" d=\\"M528.12 301.319l47.273-208C578.806 78.301 567.391 64 551.99 64H159.208l-9.166-44.81C147.758 8.021 137.93 0 126.529 0H24C10.745 0 0 10.745 0 24v16c0 13.255 10.745 24 24 24h69.883l70.248 343.435C147.325 417.1 136 435.222 136 456c0 30.928 25.072 56 56 56s56-25.072 56-56c0-15.674-6.447-29.835-16.824-40h209.647C430.447 426.165 424 440.326 424 456c0 30.928 25.072 56 56 56s56-25.072 56-56c0-22.172-12.888-41.332-31.579-50.405l5.517-24.276c3.413-15.018-8.002-29.319-23.403-29.319H218.117l-6.545-32h293.145c11.206 0 20.92-7.754 23.403-18.681z\\" class=\\"\\"></path></svg></span></div>
        <div class=\\"ucretsizKargo\\"><span><b>ÜCRETSİZ KARGO</b></span></div>
      </div>
    </router-link-stub>
  </div>
</div>"
`;
