// Jest Snapshot v1, https://goo.gl/fbAQLP

exports[`Giriş yapılmadığında Snapshot Testi 1`] = `
"<div id=\\"app\\">
  <div class=\\"container\\"><img src=\\"src/assets/logo.svg\\"> <input type=\\"text\\" placeholder=\\"Ürün, kategori veya marka ara\\" name=\\"searchBar\\" id=\\"aramaKutusu\\"> <a type=\\"button\\" class=\\"araBtn\\"><svg aria-hidden=\\"true\\" focusable=\\"false\\" data-prefix=\\"fas\\" data-icon=\\"search\\" role=\\"img\\" xmlns=\\"http://www.w3.org/2000/svg\\" viewBox=\\"0 0 512 512\\" class=\\"svg-inline--fa fa-search fa-w-16\\">
        <path fill=\\"currentColor\\" d=\\"M505 442.7L405.3 343c-4.5-4.5-10.6-7-17-7H372c27.6-35.3 44-79.7 44-128C416 93.1 322.9 0 208 0S0 93.1 0 208s93.1 208 208 208c48.3 0 92.7-16.4 128-44v16.3c0 6.4 2.5 12.5 7 17l99.7 99.7c9.4 9.4 24.6 9.4 33.9 0l28.3-28.3c9.4-9.4 9.4-24.6.1-34zM208 336c-70.7 0-128-57.2-128-128 0-70.7 57.2-128 128-128 70.7 0 128 57.2 128 128 0 70.7-57.2 128-128 128z\\" class=\\"\\"></path>
      </svg></a>
    <ul class=\\"navBar\\">
      <router-link-stub to=\\"/uyeOl\\" tag=\\"li\\"><img src=\\"src/assets/profil.png\\" alt=\\"yok\\" style=\\"width: 30px; margin-top: -10px; margin-left: 5px;\\"><a> Üye Ol </a></router-link-stub>
      <router-link-stub to=\\"/login\\" tag=\\"li\\"><img src=\\"src/assets/profil.png\\" alt=\\"yok\\" style=\\"width: 30px; margin-top: -10px; margin-left: 5px;\\"><a> Üye Girişi </a></router-link-stub>
      <!---->
      <router-link-stub to=\\"/sepetim\\" tag=\\"li\\"><svg aria-hidden=\\"true\\" focusable=\\"false\\" data-prefix=\\"fas\\" data-icon=\\"shopping-cart\\" role=\\"img\\" xmlns=\\"http://www.w3.org/2000/svg\\" viewBox=\\"0 0 576 512\\" class=\\"svg-inline--fa fa-shopping-cart fa-w-18\\">
          <path fill=\\"currentColor\\" d=\\"M528.12 301.319l47.273-208C578.806 78.301 567.391 64 551.99 64H159.208l-9.166-44.81C147.758 8.021 137.93 0 126.529 0H24C10.745 0 0 10.745 0 24v16c0 13.255 10.745 24 24 24h69.883l70.248 343.435C147.325 417.1 136 435.222 136 456c0 30.928 25.072 56 56 56s56-25.072 56-56c0-15.674-6.447-29.835-16.824-40h209.647C430.447 426.165 424 440.326 424 456c0 30.928 25.072 56 56 56s56-25.072 56-56c0-22.172-12.888-41.332-31.579-50.405l5.517-24.276c3.413-15.018-8.002-29.319-23.403-29.319H218.117l-6.545-32h293.145c11.206 0 20.92-7.754 23.403-18.681z\\" class=\\"\\"></path>
        </svg> <span id=\\"lblCartCount\\" class=\\"badge badge-warning\\">2</span><a> Sepetim </a></router-link-stub>
      <li><a href=\\"https://github.com/vuejs/awesome-vue\\" target=\\"_blank\\"><img src=\\"src/assets/kagitucak.png\\" alt=\\"yok\\" style=\\"width: 30px; margin-top: -10px; margin-left: 5px;\\">Sipariş Takibi</a></li>
      <!---->
    </ul>
    <ul class=\\"Menu\\">
      <router-link-stub to=\\"/Anasayfa\\" tag=\\"button\\"><svg aria-hidden=\\"true\\" focusable=\\"false\\" data-prefix=\\"fas\\" data-icon=\\"ellipsis-v\\" role=\\"img\\" xmlns=\\"http://www.w3.org/2000/svg\\" viewBox=\\"0 0 192 512\\" class=\\"svg-inline--fa fa-ellipsis-v fa-w-6\\">
          <path fill=\\"currentColor\\" d=\\"M96 184c39.8 0 72 32.2 72 72s-32.2 72-72 72-72-32.2-72-72 32.2-72 72-72zM24 80c0 39.8 32.2 72 72 72s72-32.2 72-72S135.8 8 96 8 24 40.2 24 80zm0 352c0 39.8 32.2 72 72 72s72-32.2 72-72-32.2-72-72-72-72 32.2-72 72z\\" class=\\"\\"></path>
        </svg><svg aria-hidden=\\"true\\" focusable=\\"false\\" data-prefix=\\"fas\\" data-icon=\\"ellipsis-v\\" role=\\"img\\" xmlns=\\"http://www.w3.org/2000/svg\\" viewBox=\\"0 0 192 512\\" class=\\"svg-inline--fa fa-ellipsis-v fa-w-6\\">
          <path fill=\\"currentColor\\" d=\\"M96 184c39.8 0 72 32.2 72 72s-32.2 72-72 72-72-32.2-72-72 32.2-72 72-72zM24 80c0 39.8 32.2 72 72 72s72-32.2 72-72S135.8 8 96 8 24 40.2 24 80zm0 352c0 39.8 32.2 72 72 72s72-32.2 72-72-32.2-72-72-72-72 32.2-72 72z\\" class=\\"\\"></path>
        </svg><svg aria-hidden=\\"true\\" focusable=\\"false\\" data-prefix=\\"fas\\" data-icon=\\"ellipsis-v\\" role=\\"img\\" xmlns=\\"http://www.w3.org/2000/svg\\" viewBox=\\"0 0 192 512\\" class=\\"svg-inline--fa fa-ellipsis-v fa-w-6\\">
          <path fill=\\"currentColor\\" d=\\"M96 184c39.8 0 72 32.2 72 72s-32.2 72-72 72-72-32.2-72-72 32.2-72 72-72zM24 80c0 39.8 32.2 72 72 72s72-32.2 72-72S135.8 8 96 8 24 40.2 24 80zm0 352c0 39.8 32.2 72 72 72s72-32.2 72-72-32.2-72-72-72-72 32.2-72 72z\\" class=\\"\\"></path>
        </svg>Tüm Lensler
      </router-link-stub>
      <router-link-stub to=\\"/saydamLens\\" tag=\\"li\\"><a> Saydam Lens </a></router-link-stub>
      <router-link-stub to=\\"/gunlukLens\\" tag=\\"li\\"><a> Günlük Lens </a></router-link-stub>
      <router-link-stub to=\\"/renkliLens\\" tag=\\"li\\"><a> Renkli Lens </a></router-link-stub>
      <router-link-stub to=\\"/toricLens\\" tag=\\"li\\"><a> Toric Lens </a></router-link-stub>
      <router-link-stub to=\\"/indirimliLens\\" tag=\\"li\\"><a> İndirimli Lens </a></router-link-stub>
      <router-link-stub to=\\"/solusyon\\" tag=\\"li\\"><a> Solüsyonlar </a></router-link-stub>
      <router-link-stub to=\\"/gozBakim\\" tag=\\"li\\"><a> Göz Bakım </a></router-link-stub>
      <router-link-stub to=\\"/kampanyalar\\" tag=\\"li\\"><a> Kampanyalar </a></router-link-stub>
    </ul>
  </div>
</div>"
`;
